0 verbose cli F:\node.exe F:\node_modules\npm\bin\npm-cli.js
1 info using npm@11.9.0
2 info using node@v24.14.0
3 silly config load:file:F:\node_modules\npm\npmrc
4 silly config load:file:C:\Users\user\Desktop\hoji_falsafiy\.npmrc
5 silly config load:file:C:\Users\user\.npmrc
6 silly config load:file:C:\Users\user\AppData\Roaming\npm\etc\npmrc
7 verbose title npm install
8 verbose argv "install" "--cache" ".npm-cache"
9 verbose logfile logs-max:10 dir:C:\Users\user\Desktop\hoji_falsafiy\.npm-cache\_logs\2026-05-04T08_02_42_516Z-
10 verbose logfile C:\Users\user\Desktop\hoji_falsafiy\.npm-cache\_logs\2026-05-04T08_02_42_516Z-debug-0.log
11 silly logfile done cleaning log files
12 silly packumentCache heap:2289041408 maxSize:572260352 maxEntrySize:286130176
13 silly idealTree buildDeps
14 silly fetch manifest lucide-react@^0.468.0
15 silly packumentCache full:https://registry.npmjs.org/lucide-react cache-miss
16 http cache https://registry.npmjs.org/lucide-react 92ms (cache hit)
17 silly packumentCache full:https://registry.npmjs.org/lucide-react set size:2259184 disposed:false
18 silly fetch manifest react@^18.3.1
19 silly packumentCache full:https://registry.npmjs.org/react cache-miss
20 http cache https://registry.npmjs.org/react 87ms (cache hit)
21 silly packumentCache full:https://registry.npmjs.org/react set size:6633619 disposed:false
22 silly fetch manifest tailwindcss@^3.4.17
23 silly packumentCache full:https://registry.npmjs.org/tailwindcss cache-miss
24 http cache https://registry.npmjs.org/tailwindcss 166ms (cache hit)
25 silly packumentCache full:https://registry.npmjs.org/tailwindcss set size:10436962 disposed:false
26 silly placeDep ROOT lucide-react@0.468.0 REPLACE for: auralux-landing@0.0.0 want: ^0.468.0
27 silly placeDep ROOT tailwindcss@3.4.19 REPLACE for: auralux-landing@0.0.0 want: ^3.4.17
28 silly fetch manifest sucrase@^3.35.0
29 silly packumentCache full:https://registry.npmjs.org/sucrase cache-miss
30 http cache https://registry.npmjs.org/sucrase 82ms (cache hit)
31 silly packumentCache full:https://registry.npmjs.org/sucrase set size:449399 disposed:false
32 silly fetch manifest @babel/types@^7.29.0
33 silly packumentCache full:https://registry.npmjs.org/@babel%2ftypes cache-miss
34 http cache https://registry.npmjs.org/@babel%2ftypes 21ms (cache hit)
35 silly packumentCache full:https://registry.npmjs.org/@babel%2ftypes set size:489931 disposed:false
36 silly placeDep node_modules/@babel/parser @babel/types@7.29.0 OK for: @babel/parser@7.29.3 want: ^7.29.0
37 silly fetch manifest @babel/core@^7.0.0-0
38 silly packumentCache full:https://registry.npmjs.org/@babel%2fcore cache-miss
39 http cache https://registry.npmjs.org/@babel%2fcore 20ms (cache hit)
40 silly packumentCache full:https://registry.npmjs.org/@babel%2fcore set size:764052 disposed:false
41 silly placeDep ROOT @babel/core@7.29.0 REPLACE for: @babel/plugin-transform-react-jsx-self@7.27.1 want: ^7.0.0-0
42 silly fetch manifest @babel/helpers@^7.28.6
43 silly packumentCache full:https://registry.npmjs.org/@babel%2fhelpers cache-miss
44 http cache https://registry.npmjs.org/@babel%2fhelpers 17ms (cache hit)
45 silly packumentCache full:https://registry.npmjs.org/@babel%2fhelpers set size:390175 disposed:false
46 silly placeDep ROOT @babel/helpers@7.29.2 OK for: @babel/core@7.29.0 want: ^7.28.6
47 silly placeDep ROOT @babel/types@7.29.0 OK for: @babel/core@7.29.0 want: ^7.29.0
48 silly fetch manifest caniuse-lite@^1.0.30001787
49 silly packumentCache full:https://registry.npmjs.org/caniuse-lite cache-miss
50 http cache https://registry.npmjs.org/caniuse-lite 160ms (cache hit)
51 silly packumentCache full:https://registry.npmjs.org/caniuse-lite set size:2289092 disposed:false
52 silly placeDep node_modules/autoprefixer caniuse-lite@1.0.30001791 OK for: autoprefixer@10.5.0 want: ^1.0.30001787
53 silly fetch manifest caniuse-lite@^1.0.30001782
54 silly packumentCache full:https://registry.npmjs.org/caniuse-lite cache-miss
55 http cache https://registry.npmjs.org/caniuse-lite 110ms (cache hit)
56 silly packumentCache full:https://registry.npmjs.org/caniuse-lite set size:2289092 disposed:false
57 silly placeDep node_modules/browserslist caniuse-lite@1.0.30001791 OK for: browserslist@4.28.2 want: ^1.0.30001782
58 silly fetch manifest @esbuild/aix-ppc64@0.21.5
59 silly packumentCache full:https://registry.npmjs.org/@esbuild%2faix-ppc64 cache-miss
60 http cache https://registry.npmjs.org/@esbuild%2faix-ppc64 101ms (cache hit)
61 silly packumentCache full:https://registry.npmjs.org/@esbuild%2faix-ppc64 set size:64314 disposed:false
62 silly fetch manifest @esbuild/android-arm@0.21.5
63 silly packumentCache full:https://registry.npmjs.org/@esbuild%2fandroid-arm cache-miss
64 http cache https://registry.npmjs.org/@esbuild%2fandroid-arm 43ms (cache hit)
65 silly packumentCache full:https://registry.npmjs.org/@esbuild%2fandroid-arm set size:221749 disposed:false
66 silly fetch manifest @esbuild/android-arm64@0.21.5
67 silly packumentCache full:https://registry.npmjs.org/@esbuild%2fandroid-arm64 cache-miss
68 http cache https://registry.npmjs.org/@esbuild%2fandroid-arm64 26ms (cache hit)
69 silly packumentCache full:https://registry.npmjs.org/@esbuild%2fandroid-arm64 set size:200684 disposed:false
70 silly fetch manifest @esbuild/android-x64@0.21.5
71 silly packumentCache full:https://registry.npmjs.org/@esbuild%2fandroid-x64 cache-miss
72 http cache https://registry.npmjs.org/@esbuild%2fandroid-x64 38ms (cache hit)
73 silly packumentCache full:https://registry.npmjs.org/@esbuild%2fandroid-x64 set size:195551 disposed:false
74 silly fetch manifest @esbuild/darwin-arm64@0.21.5
75 silly packumentCache full:https://registry.npmjs.org/@esbuild%2fdarwin-arm64 cache-miss
76 http cache https://registry.npmjs.org/@esbuild%2fdarwin-arm64 32ms (cache hit)
77 silly packumentCache full:https://registry.npmjs.org/@esbuild%2fdarwin-arm64 set size:197958 disposed:false
78 silly fetch manifest @esbuild/darwin-x64@0.21.5
79 silly packumentCache full:https://registry.npmjs.org/@esbuild%2fdarwin-x64 cache-miss
80 http cache https://registry.npmjs.org/@esbuild%2fdarwin-x64 23ms (cache hit)
81 silly packumentCache full:https://registry.npmjs.org/@esbuild%2fdarwin-x64 set size:196195 disposed:false
82 silly fetch manifest @esbuild/freebsd-arm64@0.21.5
83 silly packumentCache full:https://registry.npmjs.org/@esbuild%2ffreebsd-arm64 cache-miss
84 http cache https://registry.npmjs.org/@esbuild%2ffreebsd-arm64 17ms (cache hit)
85 silly packumentCache full:https://registry.npmjs.org/@esbuild%2ffreebsd-arm64 set size:198853 disposed:false
86 silly fetch manifest @esbuild/freebsd-x64@0.21.5
87 silly packumentCache full:https://registry.npmjs.org/@esbuild%2ffreebsd-x64 cache-miss
88 http cache https://registry.npmjs.org/@esbuild%2ffreebsd-x64 16ms (cache hit)
89 silly packumentCache full:https://registry.npmjs.org/@esbuild%2ffreebsd-x64 set size:197070 disposed:false
90 silly fetch manifest @esbuild/linux-arm@0.21.5
91 silly packumentCache full:https://registry.npmjs.org/@esbuild%2flinux-arm cache-miss
92 http cache https://registry.npmjs.org/@esbuild%2flinux-arm 16ms (cache hit)
93 silly packumentCache full:https://registry.npmjs.org/@esbuild%2flinux-arm set size:195140 disposed:false
94 silly fetch manifest @esbuild/linux-arm64@0.21.5
95 silly packumentCache full:https://registry.npmjs.org/@esbuild%2flinux-arm64 cache-miss
96 http cache https://registry.npmjs.org/@esbuild%2flinux-arm64 23ms (cache hit)
97 silly packumentCache full:https://registry.npmjs.org/@esbuild%2flinux-arm64 set size:197274 disposed:false
98 silly fetch manifest @esbuild/linux-ia32@0.21.5
99 silly packumentCache full:https://registry.npmjs.org/@esbuild%2flinux-ia32 cache-miss
100 http cache https://registry.npmjs.org/@esbuild%2flinux-ia32 14ms (cache hit)
101 silly packumentCache full:https://registry.npmjs.org/@esbuild%2flinux-ia32 set size:196150 disposed:false
102 silly fetch manifest @esbuild/linux-loong64@0.21.5
103 silly packumentCache full:https://registry.npmjs.org/@esbuild%2flinux-loong64 cache-miss
104 http cache https://registry.npmjs.org/@esbuild%2flinux-loong64 17ms (cache hit)
105 silly packumentCache full:https://registry.npmjs.org/@esbuild%2flinux-loong64 set size:252211 disposed:false
106 silly fetch manifest @esbuild/linux-mips64el@0.21.5
107 silly packumentCache full:https://registry.npmjs.org/@esbuild%2flinux-mips64el cache-miss
108 http cache https://registry.npmjs.org/@esbuild%2flinux-mips64el 15ms (cache hit)
109 silly packumentCache full:https://registry.npmjs.org/@esbuild%2flinux-mips64el set size:201062 disposed:false
110 silly fetch manifest @esbuild/linux-ppc64@0.21.5
111 silly packumentCache full:https://registry.npmjs.org/@esbuild%2flinux-ppc64 cache-miss
112 http cache https://registry.npmjs.org/@esbuild%2flinux-ppc64 16ms (cache hit)
113 silly packumentCache full:https://registry.npmjs.org/@esbuild%2flinux-ppc64 set size:199310 disposed:false
114 silly fetch manifest @esbuild/linux-riscv64@0.21.5
115 silly packumentCache full:https://registry.npmjs.org/@esbuild%2flinux-riscv64 cache-miss
116 http cache https://registry.npmjs.org/@esbuild%2flinux-riscv64 18ms (cache hit)
117 silly packumentCache full:https://registry.npmjs.org/@esbuild%2flinux-riscv64 set size:198981 disposed:false
118 silly fetch manifest @esbuild/linux-s390x@0.21.5
119 silly packumentCache full:https://registry.npmjs.org/@esbuild%2flinux-s390x cache-miss
120 http cache https://registry.npmjs.org/@esbuild%2flinux-s390x 17ms (cache hit)
121 silly packumentCache full:https://registry.npmjs.org/@esbuild%2flinux-s390x set size:198784 disposed:false
122 silly fetch manifest @esbuild/linux-x64@0.21.5
123 silly packumentCache full:https://registry.npmjs.org/@esbuild%2flinux-x64 cache-miss
124 http cache https://registry.npmjs.org/@esbuild%2flinux-x64 16ms (cache hit)
125 silly packumentCache full:https://registry.npmjs.org/@esbuild%2flinux-x64 set size:195479 disposed:false
126 silly fetch manifest @esbuild/netbsd-x64@0.21.5
127 silly packumentCache full:https://registry.npmjs.org/@esbuild%2fnetbsd-x64 cache-miss
128 http cache https://registry.npmjs.org/@esbuild%2fnetbsd-x64 15ms (cache hit)
129 silly packumentCache full:https://registry.npmjs.org/@esbuild%2fnetbsd-x64 set size:193883 disposed:false
130 silly fetch manifest @esbuild/openbsd-x64@0.21.5
131 silly packumentCache full:https://registry.npmjs.org/@esbuild%2fopenbsd-x64 cache-miss
132 http cache https://registry.npmjs.org/@esbuild%2fopenbsd-x64 14ms (cache hit)
133 silly packumentCache full:https://registry.npmjs.org/@esbuild%2fopenbsd-x64 set size:197080 disposed:false
134 silly fetch manifest @esbuild/sunos-x64@0.21.5
135 silly packumentCache full:https://registry.npmjs.org/@esbuild%2fsunos-x64 cache-miss
136 http cache https://registry.npmjs.org/@esbuild%2fsunos-x64 16ms (cache hit)
137 silly packumentCache full:https://registry.npmjs.org/@esbuild%2fsunos-x64 set size:195721 disposed:false
138 silly fetch manifest @esbuild/win32-arm64@0.21.5
139 silly packumentCache full:https://registry.npmjs.org/@esbuild%2fwin32-arm64 cache-miss
140 http cache https://registry.npmjs.org/@esbuild%2fwin32-arm64 17ms (cache hit)
141 silly packumentCache full:https://registry.npmjs.org/@esbuild%2fwin32-arm64 set size:197504 disposed:false
142 silly fetch manifest @esbuild/win32-ia32@0.21.5
143 silly packumentCache full:https://registry.npmjs.org/@esbuild%2fwin32-ia32 cache-miss
144 http cache https://registry.npmjs.org/@esbuild%2fwin32-ia32 16ms (cache hit)
145 silly packumentCache full:https://registry.npmjs.org/@esbuild%2fwin32-ia32 set size:196374 disposed:false
146 silly placeDep ROOT @esbuild/aix-ppc64@0.21.5 OK for: esbuild@0.21.5 want: 0.21.5
147 silly placeDep ROOT @esbuild/android-arm@0.21.5 OK for: esbuild@0.21.5 want: 0.21.5
148 silly placeDep ROOT @esbuild/android-arm64@0.21.5 OK for: esbuild@0.21.5 want: 0.21.5
149 silly placeDep ROOT @esbuild/android-x64@0.21.5 OK for: esbuild@0.21.5 want: 0.21.5
150 silly placeDep ROOT @esbuild/darwin-arm64@0.21.5 OK for: esbuild@0.21.5 want: 0.21.5
151 silly placeDep ROOT @esbuild/darwin-x64@0.21.5 OK for: esbuild@0.21.5 want: 0.21.5
152 silly placeDep ROOT @esbuild/freebsd-arm64@0.21.5 OK for: esbuild@0.21.5 want: 0.21.5
153 silly placeDep ROOT @esbuild/freebsd-x64@0.21.5 OK for: esbuild@0.21.5 want: 0.21.5
154 silly placeDep ROOT @esbuild/linux-arm@0.21.5 OK for: esbuild@0.21.5 want: 0.21.5
155 silly placeDep ROOT @esbuild/linux-arm64@0.21.5 OK for: esbuild@0.21.5 want: 0.21.5
156 silly placeDep ROOT @esbuild/linux-ia32@0.21.5 OK for: esbuild@0.21.5 want: 0.21.5
157 silly placeDep ROOT @esbuild/linux-loong64@0.21.5 OK for: esbuild@0.21.5 want: 0.21.5
158 silly placeDep ROOT @esbuild/linux-mips64el@0.21.5 OK for: esbuild@0.21.5 want: 0.21.5
159 silly placeDep ROOT @esbuild/linux-ppc64@0.21.5 OK for: esbuild@0.21.5 want: 0.21.5
160 silly placeDep ROOT @esbuild/linux-riscv64@0.21.5 OK for: esbuild@0.21.5 want: 0.21.5
161 silly placeDep ROOT @esbuild/linux-s390x@0.21.5 OK for: esbuild@0.21.5 want: 0.21.5
162 silly placeDep ROOT @esbuild/linux-x64@0.21.5 OK for: esbuild@0.21.5 want: 0.21.5
163 silly placeDep ROOT @esbuild/netbsd-x64@0.21.5 OK for: esbuild@0.21.5 want: 0.21.5
164 silly placeDep ROOT @esbuild/openbsd-x64@0.21.5 OK for: esbuild@0.21.5 want: 0.21.5
165 silly placeDep ROOT @esbuild/sunos-x64@0.21.5 OK for: esbuild@0.21.5 want: 0.21.5
166 silly placeDep ROOT @esbuild/win32-arm64@0.21.5 OK for: esbuild@0.21.5 want: 0.21.5
167 silly placeDep ROOT @esbuild/win32-ia32@0.21.5 OK for: esbuild@0.21.5 want: 0.21.5
168 silly fetch manifest fsevents@~2.3.2
169 silly packumentCache full:https://registry.npmjs.org/fsevents cache-miss
170 http cache https://registry.npmjs.org/fsevents 17ms (cache hit)
171 silly packumentCache full:https://registry.npmjs.org/fsevents set size:182472 disposed:false
172 silly fetch manifest @rollup/rollup-darwin-arm64@4.60.2
173 silly packumentCache full:https://registry.npmjs.org/@rollup%2frollup-darwin-arm64 cache-miss
174 http cache https://registry.npmjs.org/@rollup%2frollup-darwin-arm64 17ms (cache hit)
175 silly packumentCache full:https://registry.npmjs.org/@rollup%2frollup-darwin-arm64 set size:334013 disposed:false
176 silly fetch manifest @rollup/rollup-android-arm64@4.60.2
177 silly packumentCache full:https://registry.npmjs.org/@rollup%2frollup-android-arm64 cache-miss
178 http cache https://registry.npmjs.org/@rollup%2frollup-android-arm64 18ms (cache hit)
179 silly packumentCache full:https://registry.npmjs.org/@rollup%2frollup-android-arm64 set size:335499 disposed:false
180 silly fetch manifest @rollup/rollup-win32-arm64-msvc@4.60.2
181 silly packumentCache full:https://registry.npmjs.org/@rollup%2frollup-win32-arm64-msvc cache-miss
182 http cache https://registry.npmjs.org/@rollup%2frollup-win32-arm64-msvc 18ms (cache hit)
183 silly packumentCache full:https://registry.npmjs.org/@rollup%2frollup-win32-arm64-msvc set size:338858 disposed:false
184 silly fetch manifest @rollup/rollup-freebsd-arm64@4.60.2
185 silly packumentCache full:https://registry.npmjs.org/@rollup%2frollup-freebsd-arm64 cache-miss
186 http cache https://registry.npmjs.org/@rollup%2frollup-freebsd-arm64 15ms (cache hit)
187 silly packumentCache full:https://registry.npmjs.org/@rollup%2frollup-freebsd-arm64 set size:183704 disposed:false
188 silly fetch manifest @rollup/rollup-linux-arm64-gnu@4.60.2
189 silly packumentCache full:https://registry.npmjs.org/@rollup%2frollup-linux-arm64-gnu cache-miss
190 http cache https://registry.npmjs.org/@rollup%2frollup-linux-arm64-gnu 17ms (cache hit)
191 silly packumentCache full:https://registry.npmjs.org/@rollup%2frollup-linux-arm64-gnu set size:341084 disposed:false
192 silly fetch manifest @rollup/rollup-linux-arm64-musl@4.60.2
193 silly packumentCache full:https://registry.npmjs.org/@rollup%2frollup-linux-arm64-musl cache-miss
194 http cache https://registry.npmjs.org/@rollup%2frollup-linux-arm64-musl 18ms (cache hit)
195 silly packumentCache full:https://registry.npmjs.org/@rollup%2frollup-linux-arm64-musl set size:296459 disposed:false
196 silly fetch manifest @rollup/rollup-android-arm-eabi@4.60.2
197 silly packumentCache full:https://registry.npmjs.org/@rollup%2frollup-android-arm-eabi cache-miss
198 http cache https://registry.npmjs.org/@rollup%2frollup-android-arm-eabi 16ms (cache hit)
199 silly packumentCache full:https://registry.npmjs.org/@rollup%2frollup-android-arm-eabi set size:338865 disposed:false
200 silly fetch manifest @rollup/rollup-linux-arm-gnueabihf@4.60.2
201 silly packumentCache full:https://registry.npmjs.org/@rollup%2frollup-linux-arm-gnueabihf cache-miss
202 http cache https://registry.npmjs.org/@rollup%2frollup-linux-arm-gnueabihf 27ms (cache hit)
203 silly packumentCache full:https://registry.npmjs.org/@rollup%2frollup-linux-arm-gnueabihf set size:344529 disposed:false
204 silly fetch manifest @rollup/rollup-linux-arm-musleabihf@4.60.2
205 silly packumentCache full:https://registry.npmjs.org/@rollup%2frollup-linux-arm-musleabihf cache-miss
206 http cache https://registry.npmjs.org/@rollup%2frollup-linux-arm-musleabihf 94ms (cache hit)
207 silly packumentCache full:https://registry.npmjs.org/@rollup%2frollup-linux-arm-musleabihf set size:238694 disposed:false
208 silly fetch manifest @rollup/rollup-win32-ia32-msvc@4.60.2
209 silly packumentCache full:https://registry.npmjs.org/@rollup%2frollup-win32-ia32-msvc cache-miss
210 http cache https://registry.npmjs.org/@rollup%2frollup-win32-ia32-msvc 18ms (cache hit)
211 silly packumentCache full:https://registry.npmjs.org/@rollup%2frollup-win32-ia32-msvc set size:337389 disposed:false
212 silly fetch manifest @rollup/rollup-linux-loong64-gnu@4.60.2
213 silly packumentCache full:https://registry.npmjs.org/@rollup%2frollup-linux-loong64-gnu cache-miss
214 http cache https://registry.npmjs.org/@rollup%2frollup-linux-loong64-gnu 15ms (cache hit)
215 silly packumentCache full:https://registry.npmjs.org/@rollup%2frollup-linux-loong64-gnu set size:65514 disposed:false
216 silly fetch manifest @rollup/rollup-linux-loong64-musl@4.60.2
217 silly packumentCache full:https://registry.npmjs.org/@rollup%2frollup-linux-loong64-musl cache-miss
218 http cache https://registry.npmjs.org/@rollup%2frollup-linux-loong64-musl 12ms (cache hit)
219 silly packumentCache full:https://registry.npmjs.org/@rollup%2frollup-linux-loong64-musl set size:27506 disposed:false
220 silly fetch manifest @rollup/rollup-linux-riscv64-gnu@4.60.2
221 silly packumentCache full:https://registry.npmjs.org/@rollup%2frollup-linux-riscv64-gnu cache-miss
222 http cache https://registry.npmjs.org/@rollup%2frollup-linux-riscv64-gnu 18ms (cache hit)
223 silly packumentCache full:https://registry.npmjs.org/@rollup%2frollup-linux-riscv64-gnu set size:267201 disposed:false
224 silly fetch manifest @rollup/rollup-linux-riscv64-musl@4.60.2
225 silly packumentCache full:https://registry.npmjs.org/@rollup%2frollup-linux-riscv64-musl cache-miss
226 http cache https://registry.npmjs.org/@rollup%2frollup-linux-riscv64-musl 18ms (cache hit)
227 silly packumentCache full:https://registry.npmjs.org/@rollup%2frollup-linux-riscv64-musl set size:113171 disposed:false
228 silly fetch manifest @rollup/rollup-linux-ppc64-gnu@4.60.2
229 silly packumentCache full:https://registry.npmjs.org/@rollup%2frollup-linux-ppc64-gnu cache-miss
230 http cache https://registry.npmjs.org/@rollup%2frollup-linux-ppc64-gnu 15ms (cache hit)
231 silly packumentCache full:https://registry.npmjs.org/@rollup%2frollup-linux-ppc64-gnu set size:85764 disposed:false
232 silly fetch manifest @rollup/rollup-linux-ppc64-musl@4.60.2
233 silly packumentCache full:https://registry.npmjs.org/@rollup%2frollup-linux-ppc64-musl cache-miss
234 http cache https://registry.npmjs.org/@rollup%2frollup-linux-ppc64-musl 14ms (cache hit)
235 silly packumentCache full:https://registry.npmjs.org/@rollup%2frollup-linux-ppc64-musl set size:27278 disposed:false
236 silly fetch manifest @rollup/rollup-linux-s390x-gnu@4.60.2
237 silly packumentCache full:https://registry.npmjs.org/@rollup%2frollup-linux-s390x-gnu cache-miss
238 http cache https://registry.npmjs.org/@rollup%2frollup-linux-s390x-gnu 16ms (cache hit)
239 silly packumentCache full:https://registry.npmjs.org/@rollup%2frollup-linux-s390x-gnu set size:240933 disposed:false
240 silly fetch manifest @rollup/rollup-darwin-x64@4.60.2
241 silly packumentCache full:https://registry.npmjs.org/@rollup%2frollup-darwin-x64 cache-miss
242 http cache https://registry.npmjs.org/@rollup%2frollup-darwin-x64 22ms (cache hit)
243 silly packumentCache full:https://registry.npmjs.org/@rollup%2frollup-darwin-x64 set size:329247 disposed:false
244 silly fetch manifest @rollup/rollup-freebsd-x64@4.60.2
245 silly packumentCache full:https://registry.npmjs.org/@rollup%2frollup-freebsd-x64 cache-miss
246 http cache https://registry.npmjs.org/@rollup%2frollup-freebsd-x64 16ms (cache hit)
247 silly packumentCache full:https://registry.npmjs.org/@rollup%2frollup-freebsd-x64 set size:181830 disposed:false
248 silly fetch manifest @rollup/rollup-linux-x64-gnu@4.60.2
249 silly packumentCache full:https://registry.npmjs.org/@rollup%2frollup-linux-x64-gnu cache-miss
250 http cache https://registry.npmjs.org/@rollup%2frollup-linux-x64-gnu 20ms (cache hit)
251 silly packumentCache full:https://registry.npmjs.org/@rollup%2frollup-linux-x64-gnu set size:336253 disposed:false
252 silly fetch manifest @rollup/rollup-linux-x64-musl@4.60.2
253 silly packumentCache full:https://registry.npmjs.org/@rollup%2frollup-linux-x64-musl cache-miss
254 http cache https://registry.npmjs.org/@rollup%2frollup-linux-x64-musl 18ms (cache hit)
255 silly packumentCache full:https://registry.npmjs.org/@rollup%2frollup-linux-x64-musl set size:335593 disposed:false
256 silly fetch manifest @rollup/rollup-openbsd-x64@4.60.2
257 silly packumentCache full:https://registry.npmjs.org/@rollup%2frollup-openbsd-x64 cache-miss
258 http cache https://registry.npmjs.org/@rollup%2frollup-openbsd-x64 12ms (cache hit)
259 silly packumentCache full:https://registry.npmjs.org/@rollup%2frollup-openbsd-x64 set size:26573 disposed:false
260 silly fetch manifest @rollup/rollup-openharmony-arm64@4.60.2
261 silly packumentCache full:https://registry.npmjs.org/@rollup%2frollup-openharmony-arm64 cache-miss
262 http cache https://registry.npmjs.org/@rollup%2frollup-openharmony-arm64 15ms (cache hit)
263 silly packumentCache full:https://registry.npmjs.org/@rollup%2frollup-openharmony-arm64 set size:66417 disposed:false
264 silly placeDep ROOT @rollup/rollup-android-arm-eabi@4.60.2 OK for: rollup@4.60.2 want: 4.60.2
265 silly placeDep ROOT @rollup/rollup-android-arm64@4.60.2 OK for: rollup@4.60.2 want: 4.60.2
266 silly placeDep ROOT @rollup/rollup-darwin-arm64@4.60.2 OK for: rollup@4.60.2 want: 4.60.2
267 silly placeDep ROOT @rollup/rollup-darwin-x64@4.60.2 OK for: rollup@4.60.2 want: 4.60.2
268 silly placeDep ROOT @rollup/rollup-freebsd-arm64@4.60.2 OK for: rollup@4.60.2 want: 4.60.2
269 silly placeDep ROOT @rollup/rollup-freebsd-x64@4.60.2 OK for: rollup@4.60.2 want: 4.60.2
270 silly placeDep ROOT @rollup/rollup-linux-arm-gnueabihf@4.60.2 OK for: rollup@4.60.2 want: 4.60.2
271 silly placeDep ROOT @rollup/rollup-linux-arm-musleabihf@4.60.2 OK for: rollup@4.60.2 want: 4.60.2
272 silly placeDep ROOT @rollup/rollup-linux-arm64-gnu@4.60.2 OK for: rollup@4.60.2 want: 4.60.2
273 silly placeDep ROOT @rollup/rollup-linux-arm64-musl@4.60.2 OK for: rollup@4.60.2 want: 4.60.2
274 silly placeDep ROOT @rollup/rollup-linux-loong64-gnu@4.60.2 OK for: rollup@4.60.2 want: 4.60.2
275 silly placeDep ROOT @rollup/rollup-linux-loong64-musl@4.60.2 OK for: rollup@4.60.2 want: 4.60.2
276 silly placeDep ROOT @rollup/rollup-linux-ppc64-gnu@4.60.2 OK for: rollup@4.60.2 want: 4.60.2
277 silly placeDep ROOT @rollup/rollup-linux-ppc64-musl@4.60.2 OK for: rollup@4.60.2 want: 4.60.2
278 silly placeDep ROOT @rollup/rollup-linux-riscv64-gnu@4.60.2 OK for: rollup@4.60.2 want: 4.60.2
279 silly placeDep ROOT @rollup/rollup-linux-riscv64-musl@4.60.2 OK for: rollup@4.60.2 want: 4.60.2
280 silly placeDep ROOT @rollup/rollup-linux-s390x-gnu@4.60.2 OK for: rollup@4.60.2 want: 4.60.2
281 silly placeDep ROOT @rollup/rollup-linux-x64-gnu@4.60.2 OK for: rollup@4.60.2 want: 4.60.2
282 silly placeDep ROOT @rollup/rollup-linux-x64-musl@4.60.2 OK for: rollup@4.60.2 want: 4.60.2
283 silly placeDep ROOT @rollup/rollup-openbsd-x64@4.60.2 OK for: rollup@4.60.2 want: 4.60.2
284 silly placeDep ROOT @rollup/rollup-openharmony-arm64@4.60.2 OK for: rollup@4.60.2 want: 4.60.2
285 silly placeDep ROOT @rollup/rollup-win32-arm64-msvc@4.60.2 OK for: rollup@4.60.2 want: 4.60.2
286 silly placeDep ROOT @rollup/rollup-win32-ia32-msvc@4.60.2 OK for: rollup@4.60.2 want: 4.60.2
287 silly placeDep ROOT fsevents@2.3.3 OK for: rollup@4.60.2 want: ~2.3.2
288 silly placeDep ROOT sucrase@3.35.1 OK for: tailwindcss@3.4.19 want: ^3.35.0
289 silly reify mark retired [
289 silly reify   'C:\\Users\\user\\Desktop\\hoji_falsafiy\\node_modules\\caniuse-lite'
289 silly reify ]
290 silly reify mark retired [
290 silly reify   'C:\\Users\\user\\Desktop\\hoji_falsafiy\\node_modules\\lucide-react'
290 silly reify ]
291 silly reify mark retired [ 'C:\\Users\\user\\Desktop\\hoji_falsafiy\\node_modules\\sucrase' ]
292 silly reify mark retired [
292 silly reify   'C:\\Users\\user\\Desktop\\hoji_falsafiy\\node_modules\\tailwindcss'
292 silly reify ]
293 silly reify mark retired [
293 silly reify   'C:\\Users\\user\\Desktop\\hoji_falsafiy\\node_modules\\@babel\\core'
293 silly reify ]
294 silly reify mark retired [
294 silly reify   'C:\\Users\\user\\Desktop\\hoji_falsafiy\\node_modules\\@babel\\helpers'
294 silly reify ]
295 silly reify mark retired [
295 silly reify   'C:\\Users\\user\\Desktop\\hoji_falsafiy\\node_modules\\@babel\\types'
295 silly reify ]
296 silly reify mark retired [
296 silly reify   'C:\\Users\\user\\Desktop\\hoji_falsafiy\\node_modules\\autoprefixer',
296 silly reify   'C:\\Users\\user\\Desktop\\hoji_falsafiy\\node_modules\\.bin\\autoprefixer',
296 silly reify   'C:\\Users\\user\\Desktop\\hoji_falsafiy\\node_modules\\.bin\\autoprefixer.cmd',
296 silly reify   'C:\\Users\\user\\Desktop\\hoji_falsafiy\\node_modules\\.bin\\autoprefixer.ps1'
296 silly reify ]
297 silly reify mark retired [
297 silly reify   'C:\\Users\\user\\Desktop\\hoji_falsafiy\\node_modules\\browserslist',
297 silly reify   'C:\\Users\\user\\Desktop\\hoji_falsafiy\\node_modules\\.bin\\browserslist',
297 silly reify   'C:\\Users\\user\\Desktop\\hoji_falsafiy\\node_modules\\.bin\\browserslist.cmd',
297 silly reify   'C:\\Users\\user\\Desktop\\hoji_falsafiy\\node_modules\\.bin\\browserslist.ps1'
297 silly reify ]
298 silly reify mark retired [
298 silly reify   'C:\\Users\\user\\Desktop\\hoji_falsafiy\\node_modules\\baseline-browser-mapping',
298 silly reify   'C:\\Users\\user\\Desktop\\hoji_falsafiy\\node_modules\\.bin\\baseline-browser-mapping',
298 silly reify   'C:\\Users\\user\\Desktop\\hoji_falsafiy\\node_modules\\.bin\\baseline-browser-mapping.cmd',
298 silly reify   'C:\\Users\\user\\Desktop\\hoji_falsafiy\\node_modules\\.bin\\baseline-browser-mapping.ps1'
298 silly reify ]
299 silly reify mark retired [
299 silly reify   'C:\\Users\\user\\Desktop\\hoji_falsafiy\\node_modules\\cssesc',
299 silly reify   'C:\\Users\\user\\Desktop\\hoji_falsafiy\\node_modules\\.bin\\cssesc',
299 silly reify   'C:\\Users\\user\\Desktop\\hoji_falsafiy\\node_modules\\.bin\\cssesc.cmd',
299 silly reify   'C:\\Users\\user\\Desktop\\hoji_falsafiy\\node_modules\\.bin\\cssesc.ps1'
299 silly reify ]
300 silly reify mark retired [
300 silly reify   'C:\\Users\\user\\Desktop\\hoji_falsafiy\\node_modules\\esbuild',
300 silly reify   'C:\\Users\\user\\Desktop\\hoji_falsafiy\\node_modules\\.bin\\esbuild',
300 silly reify   'C:\\Users\\user\\Desktop\\hoji_falsafiy\\node_modules\\.bin\\esbuild.cmd',
300 silly reify   'C:\\Users\\user\\Desktop\\hoji_falsafiy\\node_modules\\.bin\\esbuild.ps1'
300 silly reify ]
301 silly reify mark retired [
301 silly reify   'C:\\Users\\user\\Desktop\\hoji_falsafiy\\node_modules\\jiti',
301 silly reify   'C:\\Users\\user\\Desktop\\hoji_falsafiy\\node_modules\\.bin\\jiti',
301 silly reify   'C:\\Users\\user\\Desktop\\hoji_falsafiy\\node_modules\\.bin\\jiti.cmd',
301 silly reify   'C:\\Users\\user\\Desktop\\hoji_falsafiy\\node_modules\\.bin\\jiti.ps1'
301 silly reify ]
302 silly reify mark retired [
302 silly reify   'C:\\Users\\user\\Desktop\\hoji_falsafiy\\node_modules\\jsesc',
302 silly reify   'C:\\Users\\user\\Desktop\\hoji_falsafiy\\node_modules\\.bin\\jsesc',
302 silly reify   'C:\\Users\\user\\Desktop\\hoji_falsafiy\\node_modules\\.bin\\jsesc.cmd',
302 silly reify   'C:\\Users\\user\\Desktop\\hoji_falsafiy\\node_modules\\.bin\\jsesc.ps1'
302 silly reify ]
303 silly reify mark retired [
303 silly reify   'C:\\Users\\user\\Desktop\\hoji_falsafiy\\node_modules\\json5',
303 silly reify   'C:\\Users\\user\\Desktop\\hoji_falsafiy\\node_modules\\.bin\\json5',
303 silly reify   'C:\\Users\\user\\Desktop\\hoji_falsafiy\\node_modules\\.bin\\json5.cmd',
303 silly reify   'C:\\Users\\user\\Desktop\\hoji_falsafiy\\node_modules\\.bin\\json5.ps1'
303 silly reify ]
304 silly reify mark retired [
304 silly reify   'C:\\Users\\user\\Desktop\\hoji_falsafiy\\node_modules\\loose-envify',
304 silly reify   'C:\\Users\\user\\Desktop\\hoji_falsafiy\\node_modules\\.bin\\loose-envify',
304 silly reify   'C:\\Users\\user\\Desktop\\hoji_falsafiy\\node_modules\\.bin\\loose-envify.cmd',
304 silly reify   'C:\\Users\\user\\Desktop\\hoji_falsafiy\\node_modules\\.bin\\loose-envify.ps1'
304 silly reify ]
305 silly reify mark retired [
305 silly reify   'C:\\Users\\user\\Desktop\\hoji_falsafiy\\node_modules\\nanoid',
305 silly reify   'C:\\Users\\user\\Desktop\\hoji_falsafiy\\node_modules\\.bin\\nanoid',
305 silly reify   'C:\\Users\\user\\Desktop\\hoji_falsafiy\\node_modules\\.bin\\nanoid.cmd',
305 silly reify   'C:\\Users\\user\\Desktop\\hoji_falsafiy\\node_modules\\.bin\\nanoid.ps1'
305 silly reify ]
306 silly reify mark retired [
306 silly reify   'C:\\Users\\user\\Desktop\\hoji_falsafiy\\node_modules\\resolve',
306 silly reify   'C:\\Users\\user\\Desktop\\hoji_falsafiy\\node_modules\\.bin\\resolve',
306 silly reify   'C:\\Users\\user\\Desktop\\hoji_falsafiy\\node_modules\\.bin\\resolve.cmd',
306 silly reify   'C:\\Users\\user\\Desktop\\hoji_falsafiy\\node_modules\\.bin\\resolve.ps1'
306 silly reify ]
307 silly reify mark retired [
307 silly reify   'C:\\Users\\user\\Desktop\\hoji_falsafiy\\node_modules\\rollup',
307 silly reify   'C:\\Users\\user\\Desktop\\hoji_falsafiy\\node_modules\\.bin\\rollup',
307 silly reify   'C:\\Users\\user\\Desktop\\hoji_falsafiy\\node_modules\\.bin\\rollup.cmd',
307 silly reify   'C:\\Users\\user\\Desktop\\hoji_falsafiy\\node_modules\\.bin\\rollup.ps1'
307 silly reify ]
308 silly reify mark retired [
308 silly reify   'C:\\Users\\user\\Desktop\\hoji_falsafiy\\node_modules\\semver',
308 silly reify   'C:\\Users\\user\\Desktop\\hoji_falsafiy\\node_modules\\.bin\\semver',
308 silly reify   'C:\\Users\\user\\Desktop\\hoji_falsafiy\\node_modules\\.bin\\semver.cmd',
308 silly reify   'C:\\Users\\user\\Desktop\\hoji_falsafiy\\node_modules\\.bin\\semver.ps1'
308 silly reify ]
309 silly reify mark retired [
309 silly reify   'C:\\Users\\user\\Desktop\\hoji_falsafiy\\node_modules\\update-browserslist-db',
309 silly reify   'C:\\Users\\user\\Desktop\\hoji_falsafiy\\node_modules\\.bin\\update-browserslist-db',
309 silly reify   'C:\\Users\\user\\Desktop\\hoji_falsafiy\\node_modules\\.bin\\update-browserslist-db.cmd',
309 silly reify   'C:\\Users\\user\\Desktop\\hoji_falsafiy\\node_modules\\.bin\\update-browserslist-db.ps1'
309 silly reify ]
310 silly reify mark retired [
310 silly reify   'C:\\Users\\user\\Desktop\\hoji_falsafiy\\node_modules\\vite',
310 silly reify   'C:\\Users\\user\\Desktop\\hoji_falsafiy\\node_modules\\.bin\\vite',
310 silly reify   'C:\\Users\\user\\Desktop\\hoji_falsafiy\\node_modules\\.bin\\vite.cmd',
310 silly reify   'C:\\Users\\user\\Desktop\\hoji_falsafiy\\node_modules\\.bin\\vite.ps1'
310 silly reify ]
311 silly reify mark retired [
311 silly reify   'C:\\Users\\user\\Desktop\\hoji_falsafiy\\node_modules\\@babel\\parser',
311 silly reify   'C:\\Users\\user\\Desktop\\hoji_falsafiy\\node_modules\\.bin\\parser',
311 silly reify   'C:\\Users\\user\\Desktop\\hoji_falsafiy\\node_modules\\.bin\\parser.cmd',
311 silly reify   'C:\\Users\\user\\Desktop\\hoji_falsafiy\\node_modules\\.bin\\parser.ps1'
311 silly reify ]
312 silly reify moves {
312 silly reify   'C:\\Users\\user\\Desktop\\hoji_falsafiy\\node_modules\\caniuse-lite': 'C:\\Users\\user\\Desktop\\hoji_falsafiy\\node_modules\\.caniuse-lite-w8GfjMlL',
312 silly reify   'C:\\Users\\user\\Desktop\\hoji_falsafiy\\node_modules\\lucide-react': 'C:\\Users\\user\\Desktop\\hoji_falsafiy\\node_modules\\.lucide-react-CM10W7Ou',
312 silly reify   'C:\\Users\\user\\Desktop\\hoji_falsafiy\\node_modules\\sucrase': 'C:\\Users\\user\\Desktop\\hoji_falsafiy\\node_modules\\.sucrase-8lHdbHIw',
312 silly reify   'C:\\Users\\user\\Desktop\\hoji_falsafiy\\node_modules\\tailwindcss': 'C:\\Users\\user\\Desktop\\hoji_falsafiy\\node_modules\\.tailwindcss-V7BDKE3V',
312 silly reify   'C:\\Users\\user\\Desktop\\hoji_falsafiy\\node_modules\\@babel\\core': 'C:\\Users\\user\\Desktop\\hoji_falsafiy\\node_modules\\@babel\\.core-48S8PD1m',
312 silly reify   'C:\\Users\\user\\Desktop\\hoji_falsafiy\\node_modules\\@babel\\helpers': 'C:\\Users\\user\\Desktop\\hoji_falsafiy\\node_modules\\@babel\\.helpers-JXIEAVjh',
312 silly reify   'C:\\Users\\user\\Desktop\\hoji_falsafiy\\node_modules\\@babel\\types': 'C:\\Users\\user\\Desktop\\hoji_falsafiy\\node_modules\\@babel\\.types-qadMiIlP',
312 silly reify   'C:\\Users\\user\\Desktop\\hoji_falsafiy\\node_modules\\autoprefixer': 'C:\\Users\\user\\Desktop\\hoji_falsafiy\\node_modules\\.autoprefixer-1j73ON9D',
312 silly reify   'C:\\Users\\user\\Desktop\\hoji_falsafiy\\node_modules\\.bin\\autoprefixer': 'C:\\Users\\user\\Desktop\\hoji_falsafiy\\node_modules\\.bin\\.autoprefixer-Pb02DlS8',
312 silly reify   'C:\\Users\\user\\Desktop\\hoji_falsafiy\\node_modules\\.bin\\autoprefixer.cmd': 'C:\\Users\\user\\Desktop\\hoji_falsafiy\\node_modules\\.bin\\.autoprefixer.cmd-olHp1EKV',
312 silly reify   'C:\\Users\\user\\Desktop\\hoji_falsafiy\\node_modules\\.bin\\autoprefixer.ps1': 'C:\\Users\\user\\Desktop\\hoji_falsafiy\\node_modules\\.bin\\.autoprefixer.ps1-1aHeEl5X',
312 silly reify   'C:\\Users\\user\\Desktop\\hoji_falsafiy\\node_modules\\browserslist': 'C:\\Users\\user\\Desktop\\hoji_falsafiy\\node_modules\\.browserslist-QKy3awBw',
312 silly reify   'C:\\Users\\user\\Desktop\\hoji_falsafiy\\node_modules\\.bin\\browserslist': 'C:\\Users\\user\\Desktop\\hoji_falsafiy\\node_modules\\.bin\\.browserslist-sO3D6N2q',
312 silly reify   'C:\\Users\\user\\Desktop\\hoji_falsafiy\\node_modules\\.bin\\browserslist.cmd': 'C:\\Users\\user\\Desktop\\hoji_falsafiy\\node_modules\\.bin\\.browserslist.cmd-MugRGRsk',
312 silly reify   'C:\\Users\\user\\Desktop\\hoji_falsafiy\\node_modules\\.bin\\browserslist.ps1': 'C:\\Users\\user\\Desktop\\hoji_falsafiy\\node_modules\\.bin\\.browserslist.ps1-NYnZN2K0',
312 silly reify   'C:\\Users\\user\\Desktop\\hoji_falsafiy\\node_modules\\baseline-browser-mapping': 'C:\\Users\\user\\Desktop\\hoji_falsafiy\\node_modules\\.baseline-browser-mapping-aKpVAMNf',
312 silly reify   'C:\\Users\\user\\Desktop\\hoji_falsafiy\\node_modules\\.bin\\baseline-browser-mapping': 'C:\\Users\\user\\Desktop\\hoji_falsafiy\\node_modules\\.bin\\.baseline-browser-mapping-oDoIP7yx',
312 silly reify   'C:\\Users\\user\\Desktop\\hoji_falsafiy\\node_modules\\.bin\\baseline-browser-mapping.cmd': 'C:\\Users\\user\\Desktop\\hoji_falsafiy\\node_modules\\.bin\\.baseline-browser-mapping.cmd-zKQmXxdg',
312 silly reify   'C:\\Users\\user\\Desktop\\hoji_falsafiy\\node_modules\\.bin\\baseline-browser-mapping.ps1': 'C:\\Users\\user\\Desktop\\hoji_falsafiy\\node_modules\\.bin\\.baseline-browser-mapping.ps1-deL8pJ3U',
312 silly reify   'C:\\Users\\user\\Desktop\\hoji_falsafiy\\node_modules\\cssesc': 'C:\\Users\\user\\Desktop\\hoji_falsafiy\\node_modules\\.cssesc-yV4M9D57',
312 silly reify   'C:\\Users\\user\\Desktop\\hoji_falsafiy\\node_modules\\.bin\\cssesc': 'C:\\Users\\user\\Desktop\\hoji_falsafiy\\node_modules\\.bin\\.cssesc-xbxVoBMH',
312 silly reify   'C:\\Users\\user\\Desktop\\hoji_falsafiy\\node_modules\\.bin\\cssesc.cmd': 'C:\\Users\\user\\Desktop\\hoji_falsafiy\\node_modules\\.bin\\.cssesc.cmd-WvPgNM8m',
312 silly reify   'C:\\Users\\user\\Desktop\\hoji_falsafiy\\node_modules\\.bin\\cssesc.ps1': 'C:\\Users\\user\\Desktop\\hoji_falsafiy\\node_modules\\.bin\\.cssesc.ps1-kl1xs0Kl',
312 silly reify   'C:\\Users\\user\\Desktop\\hoji_falsafiy\\node_modules\\esbuild': 'C:\\Users\\user\\Desktop\\hoji_falsafiy\\node_modules\\.esbuild-4krpp4mP',
312 silly reify   'C:\\Users\\user\\Desktop\\hoji_falsafiy\\node_modules\\.bin\\esbuild': 'C:\\Users\\user\\Desktop\\hoji_falsafiy\\node_modules\\.bin\\.esbuild-ViummqKs',
312 silly reify   'C:\\Users\\user\\Desktop\\hoji_falsafiy\\node_modules\\.bin\\esbuild.cmd': 'C:\\Users\\user\\Desktop\\hoji_falsafiy\\node_modules\\.bin\\.esbuild.cmd-XtkEfLGk',
312 silly reify   'C:\\Users\\user\\Desktop\\hoji_falsafiy\\node_modules\\.bin\\esbuild.ps1': 'C:\\Users\\user\\Desktop\\hoji_falsafiy\\node_modules\\.bin\\.esbuild.ps1-3ySOVvi0',
312 silly reify   'C:\\Users\\user\\Desktop\\hoji_falsafiy\\node_modules\\jiti': 'C:\\Users\\user\\Desktop\\hoji_falsafiy\\node_modules\\.jiti-rgcqbz3u',
312 silly reify   'C:\\Users\\user\\Desktop\\hoji_falsafiy\\node_modules\\.bin\\jiti': 'C:\\Users\\user\\Desktop\\hoji_falsafiy\\node_modules\\.bin\\.jiti-Ag1u9odt',
312 silly reify   'C:\\Users\\user\\Desktop\\hoji_falsafiy\\node_modules\\.bin\\jiti.cmd': 'C:\\Users\\user\\Desktop\\hoji_falsafiy\\node_modules\\.bin\\.jiti.cmd-2rF3J0Oy',
312 silly reify   'C:\\Users\\user\\Desktop\\hoji_falsafiy\\node_modules\\.bin\\jiti.ps1': 'C:\\Users\\user\\Desktop\\hoji_falsafiy\\node_modules\\.bin\\.jiti.ps1-viUbgEMz',
312 silly reify   'C:\\Users\\user\\Desktop\\hoji_falsafiy\\node_modules\\jsesc': 'C:\\Users\\user\\Desktop\\hoji_falsafiy\\node_modules\\.jsesc-1GgTdXsC',
312 silly reify   'C:\\Users\\user\\Desktop\\hoji_falsafiy\\node_modules\\.bin\\jsesc': 'C:\\Users\\user\\Desktop\\hoji_falsafiy\\node_modules\\.bin\\.jsesc-SyEaTdiB',
312 silly reify   'C:\\Users\\user\\Desktop\\hoji_falsafiy\\node_modules\\.bin\\jsesc.cmd': 'C:\\Users\\user\\Desktop\\hoji_falsafiy\\node_modules\\.bin\\.jsesc.cmd-0NA2EijR',
312 silly reify   'C:\\Users\\user\\Desktop\\hoji_falsafiy\\node_modules\\.bin\\jsesc.ps1': 'C:\\Users\\user\\Desktop\\hoji_falsafiy\\node_modules\\.bin\\.jsesc.ps1-2MAiFPkv',
312 silly reify   'C:\\Users\\user\\Desktop\\hoji_falsafiy\\node_modules\\json5': 'C:\\Users\\user\\Desktop\\hoji_falsafiy\\node_modules\\.json5-4QCL0LMN',
312 silly reify   'C:\\Users\\user\\Desktop\\hoji_falsafiy\\node_modules\\.bin\\json5': 'C:\\Users\\user\\Desktop\\hoji_falsafiy\\node_modules\\.bin\\.json5-5lppldY4',
312 silly reify   'C:\\Users\\user\\Desktop\\hoji_falsafiy\\node_modules\\.bin\\json5.cmd': 'C:\\Users\\user\\Desktop\\hoji_falsafiy\\node_modules\\.bin\\.json5.cmd-u0Fe1JLC',
312 silly reify   'C:\\Users\\user\\Desktop\\hoji_falsafiy\\node_modules\\.bin\\json5.ps1': 'C:\\Users\\user\\Desktop\\hoji_falsafiy\\node_modules\\.bin\\.json5.ps1-RWtmUylW',
312 silly reify   'C:\\Users\\user\\Desktop\\hoji_falsafiy\\node_modules\\loose-envify': 'C:\\Users\\user\\Desktop\\hoji_falsafiy\\node_modules\\.loose-envify-x1CtQHMd',
312 silly reify   'C:\\Users\\user\\Desktop\\hoji_falsafiy\\node_modules\\.bin\\loose-envify': 'C:\\Users\\user\\Desktop\\hoji_falsafiy\\node_modules\\.bin\\.loose-envify-PXbaqfDs',
312 silly reify   'C:\\Users\\user\\Desktop\\hoji_falsafiy\\node_modules\\.bin\\loose-envify.cmd': 'C:\\Users\\user\\Desktop\\hoji_falsafiy\\node_modules\\.bin\\.loose-envify.cmd-Oc7Xf2ky',
312 silly reify   'C:\\Users\\user\\Desktop\\hoji_falsafiy\\node_modules\\.bin\\loose-envify.ps1': 'C:\\Users\\user\\Desktop\\hoji_falsafiy\\node_modules\\.bin\\.loose-envify.ps1-Fb12vqPo',
312 silly reify   'C:\\Users\\user\\Desktop\\hoji_falsafiy\\node_modules\\nanoid': 'C:\\Users\\user\\Desktop\\hoji_falsafiy\\node_modules\\.nanoid-FsknXCS3',
312 silly reify   'C:\\Users\\user\\Desktop\\hoji_falsafiy\\node_modules\\.bin\\nanoid': 'C:\\Users\\user\\Desktop\\hoji_falsafiy\\node_modules\\.bin\\.nanoid-YqVJPScw',
312 silly reify   'C:\\Users\\user\\Desktop\\hoji_falsafiy\\node_modules\\.bin\\nanoid.cmd': 'C:\\Users\\user\\Desktop\\hoji_falsafiy\\node_modules\\.bin\\.nanoid.cmd-gl6ndjgt',
312 silly reify   'C:\\Users\\user\\Desktop\\hoji_falsafiy\\node_modules\\.bin\\nanoid.ps1': 'C:\\Users\\user\\Desktop\\hoji_falsafiy\\node_modules\\.bin\\.nanoid.ps1-59YcgmX2',
312 silly reify   'C:\\Users\\user\\Desktop\\hoji_falsafiy\\node_modules\\resolve': 'C:\\Users\\user\\Desktop\\hoji_falsafiy\\node_modules\\.resolve-10LrZnp3',
312 silly reify   'C:\\Users\\user\\Desktop\\hoji_falsafiy\\node_modules\\.bin\\resolve': 'C:\\Users\\user\\Desktop\\hoji_falsafiy\\node_modules\\.bin\\.resolve-3ufDb3Mu',
312 silly reify   'C:\\Users\\user\\Desktop\\hoji_falsafiy\\node_modules\\.bin\\resolve.cmd': 'C:\\Users\\user\\Desktop\\hoji_falsafiy\\node_modules\\.bin\\.resolve.cmd-sW3blJOG',
312 silly reify   'C:\\Users\\user\\Desktop\\hoji_falsafiy\\node_modules\\.bin\\resolve.ps1': 'C:\\Users\\user\\Desktop\\hoji_falsafiy\\node_modules\\.bin\\.resolve.ps1-B7pk4PFS',
312 silly reify   'C:\\Users\\user\\Desktop\\hoji_falsafiy\\node_modules\\rollup': 'C:\\Users\\user\\Desktop\\hoji_falsafiy\\node_modules\\.rollup-FNNazizi',
312 silly reify   'C:\\Users\\user\\Desktop\\hoji_falsafiy\\node_modules\\.bin\\rollup': 'C:\\Users\\user\\Desktop\\hoji_falsafiy\\node_modules\\.bin\\.rollup-F97C3q0a',
312 silly reify   'C:\\Users\\user\\Desktop\\hoji_falsafiy\\node_modules\\.bin\\rollup.cmd': 'C:\\Users\\user\\Desktop\\hoji_falsafiy\\node_modules\\.bin\\.rollup.cmd-OXieHqHm',
312 silly reify   'C:\\Users\\user\\Desktop\\hoji_falsafiy\\node_modules\\.bin\\rollup.ps1': 'C:\\Users\\user\\Desktop\\hoji_falsafiy\\node_modules\\.bin\\.rollup.ps1-z4K5qQiS',
312 silly reify   'C:\\Users\\user\\Desktop\\hoji_falsafiy\\node_modules\\semver': 'C:\\Users\\user\\Desktop\\hoji_falsafiy\\node_modules\\.semver-A5vQ7CCV',
312 silly reify   'C:\\Users\\user\\Desktop\\hoji_falsafiy\\node_modules\\.bin\\semver': 'C:\\Users\\user\\Desktop\\hoji_falsafiy\\node_modules\\.bin\\.semver-ccaRHSUv',
312 silly reify   'C:\\Users\\user\\Desktop\\hoji_falsafiy\\node_modules\\.bin\\semver.cmd': 'C:\\Users\\user\\Desktop\\hoji_falsafiy\\node_modules\\.bin\\.semver.cmd-BSnmYNl5',
312 silly reify   'C:\\Users\\user\\Desktop\\hoji_falsafiy\\node_modules\\.bin\\semver.ps1': 'C:\\Users\\user\\Desktop\\hoji_falsafiy\\node_modules\\.bin\\.semver.ps1-HARnUwqU',
312 silly reify   'C:\\Users\\user\\Desktop\\hoji_falsafiy\\node_modules\\update-browserslist-db': 'C:\\Users\\user\\Desktop\\hoji_falsafiy\\node_modules\\.update-browserslist-db-Vk2jpWrI',
312 silly reify   'C:\\Users\\user\\Desktop\\hoji_falsafiy\\node_modules\\.bin\\update-browserslist-db': 'C:\\Users\\user\\Desktop\\hoji_falsafiy\\node_modules\\.bin\\.update-browserslist-db-2xD3KWfn',
312 silly reify   'C:\\Users\\user\\Desktop\\hoji_falsafiy\\node_modules\\.bin\\update-browserslist-db.cmd': 'C:\\Users\\user\\Desktop\\hoji_falsafiy\\node_modules\\.bin\\.update-browserslist-db.cmd-ybXNMfNj',
312 silly reify   'C:\\Users\\user\\Desktop\\hoji_falsafiy\\node_modules\\.bin\\update-browserslist-db.ps1': 'C:\\Users\\user\\Desktop\\hoji_falsafiy\\node_modules\\.bin\\.update-browserslist-db.ps1-qH4tNIUS',
312 silly reify   'C:\\Users\\user\\Desktop\\hoji_falsafiy\\node_modules\\vite': 'C:\\Users\\user\\Desktop\\hoji_falsafiy\\node_modules\\.vite-8zAmAdqk',
312 silly reify   'C:\\Users\\user\\Desktop\\hoji_falsafiy\\node_modules\\.bin\\vite': 'C:\\Users\\user\\Desktop\\hoji_falsafiy\\node_modules\\.bin\\.vite-8m7c52bI',
312 silly reify   'C:\\Users\\user\\Desktop\\hoji_falsafiy\\node_modules\\.bin\\vite.cmd': 'C:\\Users\\user\\Desktop\\hoji_falsafiy\\node_modules\\.bin\\.vite.cmd-PLJXY8cM',
312 silly reify   'C:\\Users\\user\\Desktop\\hoji_falsafiy\\node_modules\\.bin\\vite.ps1': 'C:\\Users\\user\\Desktop\\hoji_falsafiy\\node_modules\\.bin\\.vite.ps1-CyoWAyLG',
312 silly reify   'C:\\Users\\user\\Desktop\\hoji_falsafiy\\node_modules\\@babel\\parser': 'C:\\Users\\user\\Desktop\\hoji_falsafiy\\node_modules\\@babel\\.parser-wQksSvWQ',
312 silly reify   'C:\\Users\\user\\Desktop\\hoji_falsafiy\\node_modules\\.bin\\parser': 'C:\\Users\\user\\Desktop\\hoji_falsafiy\\node_modules\\.bin\\.parser-ECjriu2M',
312 silly reify   'C:\\Users\\user\\Desktop\\hoji_falsafiy\\node_modules\\.bin\\parser.cmd': 'C:\\Users\\user\\Desktop\\hoji_falsafiy\\node_modules\\.bin\\.parser.cmd-l1eAYtMb',
312 silly reify   'C:\\Users\\user\\Desktop\\hoji_falsafiy\\node_modules\\.bin\\parser.ps1': 'C:\\Users\\user\\Desktop\\hoji_falsafiy\\node_modules\\.bin\\.parser.ps1-dDscbsDr'
312 silly reify }
313 silly audit bulk request {
313 silly audit   'any-promise': [ '1.3.0' ],
313 silly audit   anymatch: [ '3.1.3' ],
313 silly audit   arg: [ '5.0.2' ],
313 silly audit   autoprefixer: [ '10.5.0' ],
313 silly audit   'baseline-browser-mapping': [ '2.10.27' ],
313 silly audit   'binary-extensions': [ '2.3.0' ],
313 silly audit   braces: [ '3.0.3' ],
313 silly audit   browserslist: [ '4.28.2' ],
313 silly audit   'camelcase-css': [ '2.0.1' ],
313 silly audit   chokidar: [ '3.6.0' ],
313 silly audit   'glob-parent': [ '5.1.2', '6.0.2' ],
313 silly audit   commander: [ '4.1.1' ],
313 silly audit   'convert-source-map': [ '2.0.0' ],
313 silly audit   cssesc: [ '3.0.0' ],
313 silly audit   debug: [ '4.4.3' ],
313 silly audit   didyoumean: [ '1.2.2' ],
313 silly audit   dlv: [ '1.1.3' ],
313 silly audit   'electron-to-chromium': [ '1.5.349' ],
313 silly audit   esbuild: [ '0.21.5' ],
313 silly audit   'es-errors': [ '1.3.0' ],
313 silly audit   escalade: [ '3.2.0' ],
313 silly audit   'fast-glob': [ '3.3.3' ],
313 silly audit   fastq: [ '1.20.1' ],
313 silly audit   'fill-range': [ '7.1.1' ],
313 silly audit   'fraction.js': [ '5.3.4' ],
313 silly audit   'framer-motion': [ '11.18.2' ],
313 silly audit   'function-bind': [ '1.1.2' ],
313 silly audit   gensync: [ '1.0.0-beta.2' ],
313 silly audit   hasown: [ '2.0.3' ],
313 silly audit   'is-binary-path': [ '2.1.0' ],
313 silly audit   'is-core-module': [ '2.16.1' ],
313 silly audit   'is-extglob': [ '2.1.1' ],
313 silly audit   'is-glob': [ '4.0.3' ],
313 silly audit   'is-number': [ '7.0.0' ],
313 silly audit   jiti: [ '1.21.7' ],
313 silly audit   'js-tokens': [ '4.0.0' ],
313 silly audit   jsesc: [ '3.1.0' ],
313 silly audit   json5: [ '2.2.3' ],
313 silly audit   lilconfig: [ '3.1.3' ],
313 silly audit   'lines-and-columns': [ '1.2.4' ],
313 silly audit   'loose-envify': [ '1.4.0' ],
313 silly audit   'lru-cache': [ '5.1.1' ],
313 silly audit   merge2: [ '1.4.1' ],
313 silly audit   micromatch: [ '4.0.8' ],
313 silly audit   'motion-dom': [ '11.18.1' ],
313 silly audit   'motion-utils': [ '11.18.1' ],
313 silly audit   ms: [ '2.1.3' ],
313 silly audit   mz: [ '2.7.0' ],
313 silly audit   nanoid: [ '3.3.12' ],
313 silly audit   'node-releases': [ '2.0.38' ],
313 silly audit   'normalize-path': [ '3.0.0' ],
313 silly audit   'object-assign': [ '4.1.1' ],
313 silly audit   picocolors: [ '1.1.1' ],
313 silly audit   'object-hash': [ '3.0.0' ],
313 silly audit   'path-parse': [ '1.0.7' ],
313 silly audit   picomatch: [ '2.3.2', '4.0.4' ],
313 silly audit   'postcss-import': [ '15.1.0' ],
313 silly audit   pify: [ '2.3.0' ],
313 silly audit   pirates: [ '4.0.7' ],
313 silly audit   postcss: [ '8.5.13' ],
313 silly audit   'postcss-selector-parser': [ '6.1.2' ],
313 silly audit   'postcss-load-config': [ '6.0.1' ],
313 silly audit   'postcss-js': [ '4.1.0' ],
313 silly audit   'postcss-nested': [ '6.2.0' ],
313 silly audit   'react-dom': [ '18.3.1' ],
313 silly audit   'postcss-value-parser': [ '4.2.0' ],
313 silly audit   'queue-microtask': [ '1.2.3' ],
313 silly audit   react: [ '18.3.1' ],
313 silly audit   'react-refresh': [ '0.17.0' ],
313 silly audit   'read-cache': [ '1.0.0' ],
313 silly audit   readdirp: [ '3.6.0' ],
313 silly audit   resolve: [ '1.22.12' ],
313 silly audit   reusify: [ '1.1.0' ],
313 silly audit   rollup: [ '4.60.2' ],
313 silly audit   'run-parallel': [ '1.2.0' ],
313 silly audit   scheduler: [ '0.23.2' ],
313 silly audit   semver: [ '6.3.1' ],
313 silly audit   'supports-preserve-symlinks-flag': [ '1.0.0' ],
313 silly audit   'source-map-js': [ '1.2.1' ],
313 silly audit   thenify: [ '3.3.1' ],
313 silly audit   'thenify-all': [ '1.6.0' ],
313 silly audit   tinyglobby: [ '0.2.16' ],
313 silly audit   fdir: [ '6.5.0' ],
313 silly audit   'ts-interface-checker': [ '0.1.13' ],
313 silly audit   'to-regex-range': [ '5.0.1' ],
313 silly audit   tslib: [ '2.8.1' ],
313 silly audit   'update-browserslist-db': [ '1.2.3' ],
313 silly audit   vite: [ '5.4.21' ],
313 silly audit   'util-deprecate': [ '1.0.2' ],
313 silly audit   yallist: [ '3.1.1' ],
313 silly audit   '@babel/code-frame': [ '7.29.0' ],
313 silly audit   '@babel/compat-data': [ '7.29.3' ],
313 silly audit   '@babel/generator': [ '7.29.1' ],
313 silly audit   '@babel/helper-compilation-targets': [ '7.28.6' ],
313 silly audit   '@babel/helper-globals': [ '7.28.0' ],
313 silly audit   '@babel/helper-module-imports': [ '7.28.6' ],
313 silly audit   '@babel/helper-plugin-utils': [ '7.28.6' ],
313 silly audit   '@babel/helper-module-transforms': [ '7.28.6' ],
313 silly audit   '@babel/helper-string-parser': [ '7.27.1' ],
313 silly audit   '@babel/helper-validator-identifier': [ '7.28.5' ],
313 silly audit   '@babel/helper-validator-option': [ '7.27.1' ],
313 silly audit   '@babel/plugin-transform-react-jsx-self': [ '7.27.1' ],
313 silly audit   '@babel/parser': [ '7.29.3' ],
313 silly audit   '@babel/plugin-transform-react-jsx-source': [ '7.27.1' ],
313 silly audit   '@babel/template': [ '7.28.6' ],
313 silly audit   '@babel/traverse': [ '7.29.0' ],
313 silly audit   '@alloc/quick-lru': [ '5.2.0' ],
313 silly audit   '@jridgewell/gen-mapping': [ '0.3.13' ],
313 silly audit   '@jridgewell/remapping': [ '2.3.5' ],
313 silly audit   '@jridgewell/resolve-uri': [ '3.1.2' ],
313 silly audit   '@jridgewell/trace-mapping': [ '0.3.31' ],
313 silly audit   '@jridgewell/sourcemap-codec': [ '1.5.5' ],
313 silly audit   '@esbuild/win32-x64': [ '0.21.5' ],
313 silly audit   '@nodelib/fs.scandir': [ '2.1.5' ],
313 silly audit   '@nodelib/fs.stat': [ '2.0.5' ],
313 silly audit   '@nodelib/fs.walk': [ '1.2.8' ],
313 silly audit   '@rollup/rollup-win32-x64-gnu': [ '4.60.2' ],
313 silly audit   '@rolldown/pluginutils': [ '1.0.0-beta.27' ],
313 silly audit   '@rollup/rollup-win32-x64-msvc': [ '4.60.2' ],
313 silly audit   '@types/babel__generator': [ '7.27.0' ],
313 silly audit   '@types/babel__core': [ '7.20.5' ],
313 silly audit   '@types/babel__template': [ '7.4.4' ],
313 silly audit   '@types/babel__traverse': [ '7.28.0' ],
313 silly audit   '@vitejs/plugin-react': [ '4.7.0' ],
313 silly audit   '@types/estree': [ '1.0.8' ],
313 silly audit   'lucide-react': [ '0.468.0' ],
313 silly audit   tailwindcss: [ '3.4.19' ],
313 silly audit   '@babel/types': [ '7.29.0' ],
313 silly audit   '@babel/core': [ '7.29.0' ],
313 silly audit   '@babel/helpers': [ '7.29.2' ],
313 silly audit   'caniuse-lite': [ '1.0.30001791' ],
313 silly audit   '@esbuild/aix-ppc64': [ '0.21.5' ],
313 silly audit   '@esbuild/android-arm': [ '0.21.5' ],
313 silly audit   '@esbuild/android-arm64': [ '0.21.5' ],
313 silly audit   '@esbuild/android-x64': [ '0.21.5' ],
313 silly audit   '@esbuild/darwin-arm64': [ '0.21.5' ],
313 silly audit   '@esbuild/darwin-x64': [ '0.21.5' ],
313 silly audit   '@esbuild/freebsd-arm64': [ '0.21.5' ],
313 silly audit   '@esbuild/freebsd-x64': [ '0.21.5' ],
313 silly audit   '@esbuild/linux-arm': [ '0.21.5' ],
313 silly audit   '@esbuild/linux-arm64': [ '0.21.5' ],
313 silly audit   '@esbuild/linux-ia32': [ '0.21.5' ],
313 silly audit   '@esbuild/linux-loong64': [ '0.21.5' ],
313 silly audit   '@esbuild/linux-mips64el': [ '0.21.5' ],
313 silly audit   '@esbuild/linux-ppc64': [ '0.21.5' ],
313 silly audit   '@esbuild/linux-riscv64': [ '0.21.5' ],
313 silly audit   '@esbuild/linux-s390x': [ '0.21.5' ],
313 silly audit   '@esbuild/linux-x64': [ '0.21.5' ],
313 silly audit   '@esbuild/netbsd-x64': [ '0.21.5' ],
313 silly audit   '@esbuild/openbsd-x64': [ '0.21.5' ],
313 silly audit   '@esbuild/sunos-x64': [ '0.21.5' ],
313 silly audit   '@esbuild/win32-arm64': [ '0.21.5' ],
313 silly audit   '@esbuild/win32-ia32': [ '0.21.5' ],
313 silly audit   '@rollup/rollup-android-arm-eabi': [ '4.60.2' ],
313 silly audit   '@rollup/rollup-android-arm64': [ '4.60.2' ],
313 silly audit   '@rollup/rollup-darwin-arm64': [ '4.60.2' ],
313 silly audit   '@rollup/rollup-darwin-x64': [ '4.60.2' ],
313 silly audit   '@rollup/rollup-freebsd-arm64': [ '4.60.2' ],
313 silly audit   '@rollup/rollup-freebsd-x64': [ '4.60.2' ],
313 silly audit   '@rollup/rollup-linux-arm-gnueabihf': [ '4.60.2' ],
313 silly audit   '@rollup/rollup-linux-arm-musleabihf': [ '4.60.2' ],
313 silly audit   '@rollup/rollup-linux-arm64-gnu': [ '4.60.2' ],
313 silly audit   '@rollup/rollup-linux-arm64-musl': [ '4.60.2' ],
313 silly audit   '@rollup/rollup-linux-loong64-gnu': [ '4.60.2' ],
313 silly audit   '@rollup/rollup-linux-loong64-musl': [ '4.60.2' ],
313 silly audit   '@rollup/rollup-linux-ppc64-gnu': [ '4.60.2' ],
313 silly audit   '@rollup/rollup-linux-ppc64-musl': [ '4.60.2' ],
313 silly audit   '@rollup/rollup-linux-riscv64-gnu': [ '4.60.2' ],
313 silly audit   '@rollup/rollup-linux-riscv64-musl': [ '4.60.2' ],
313 silly audit   '@rollup/rollup-linux-s390x-gnu': [ '4.60.2' ],
313 silly audit   '@rollup/rollup-linux-x64-gnu': [ '4.60.2' ],
313 silly audit   '@rollup/rollup-linux-x64-musl': [ '4.60.2' ],
313 silly audit   '@rollup/rollup-openbsd-x64': [ '4.60.2' ],
313 silly audit   '@rollup/rollup-openharmony-arm64': [ '4.60.2' ],
313 silly audit   '@rollup/rollup-win32-arm64-msvc': [ '4.60.2' ],
313 silly audit   '@rollup/rollup-win32-ia32-msvc': [ '4.60.2' ],
313 silly audit   fsevents: [ '2.3.3' ],
313 silly audit   sucrase: [ '3.35.1' ]
313 silly audit }
314 silly packumentCache corgi:https://registry.npmjs.org/@babel%2fparser cache-miss
315 silly packumentCache corgi:https://registry.npmjs.org/vite cache-miss
316 silly packumentCache corgi:https://registry.npmjs.org/update-browserslist-db cache-miss
317 silly packumentCache corgi:https://registry.npmjs.org/semver cache-miss
318 silly packumentCache corgi:https://registry.npmjs.org/rollup cache-miss
319 silly packumentCache corgi:https://registry.npmjs.org/resolve cache-miss
320 silly packumentCache corgi:https://registry.npmjs.org/nanoid cache-miss
321 silly packumentCache corgi:https://registry.npmjs.org/loose-envify cache-miss
322 silly packumentCache corgi:https://registry.npmjs.org/json5 cache-miss
323 silly packumentCache corgi:https://registry.npmjs.org/jsesc cache-miss
324 silly packumentCache corgi:https://registry.npmjs.org/jiti cache-miss
325 silly packumentCache corgi:https://registry.npmjs.org/esbuild cache-miss
326 silly packumentCache corgi:https://registry.npmjs.org/cssesc cache-miss
327 silly packumentCache corgi:https://registry.npmjs.org/baseline-browser-mapping cache-miss
328 silly packumentCache corgi:https://registry.npmjs.org/browserslist cache-miss
329 silly packumentCache corgi:https://registry.npmjs.org/autoprefixer cache-miss
330 http cache @babel/types@https://registry.npmjs.org/@babel/types/-/types-7.29.0.tgz 0ms (cache hit)
331 http cache @babel/helpers@https://registry.npmjs.org/@babel/helpers/-/helpers-7.29.2.tgz 0ms (cache hit)
332 http cache @babel/core@https://registry.npmjs.org/@babel/core/-/core-7.29.0.tgz 0ms (cache hit)
333 http cache tailwindcss@https://registry.npmjs.org/tailwindcss/-/tailwindcss-3.4.19.tgz 1ms (cache hit)
334 http cache sucrase@https://registry.npmjs.org/sucrase/-/sucrase-3.35.1.tgz 0ms (cache hit)
335 http cache lucide-react@https://registry.npmjs.org/lucide-react/-/lucide-react-0.468.0.tgz 0ms (cache hit)
336 http cache caniuse-lite@https://registry.npmjs.org/caniuse-lite/-/caniuse-lite-1.0.30001791.tgz 0ms (cache hit)
337 http cache caniuse-lite@https://registry.npmjs.org/caniuse-lite/-/caniuse-lite-1.0.30001791.tgz 0ms (cache hit)
338 silly tarball no local data for @babel/types@https://registry.npmjs.org/@babel/types/-/types-7.29.0.tgz. Extracting by manifest.
339 silly tarball no local data for @babel/helpers@https://registry.npmjs.org/@babel/helpers/-/helpers-7.29.2.tgz. Extracting by manifest.
340 silly tarball no local data for @babel/core@https://registry.npmjs.org/@babel/core/-/core-7.29.0.tgz. Extracting by manifest.
341 silly tarball no local data for tailwindcss@https://registry.npmjs.org/tailwindcss/-/tailwindcss-3.4.19.tgz. Extracting by manifest.
342 silly tarball no local data for sucrase@https://registry.npmjs.org/sucrase/-/sucrase-3.35.1.tgz. Extracting by manifest.
343 silly tarball no local data for lucide-react@https://registry.npmjs.org/lucide-react/-/lucide-react-0.468.0.tgz. Extracting by manifest.
344 silly tarball no local data for caniuse-lite@https://registry.npmjs.org/caniuse-lite/-/caniuse-lite-1.0.30001791.tgz. Extracting by manifest.
345 silly tarball no local data for caniuse-lite@https://registry.npmjs.org/caniuse-lite/-/caniuse-lite-1.0.30001791.tgz. Extracting by manifest.
346 http cache https://registry.npmjs.org/vite 400ms (cache hit)
347 silly packumentCache corgi:https://registry.npmjs.org/vite set size:2234939 disposed:false
348 http cache https://registry.npmjs.org/esbuild 490ms (cache hit)
349 silly packumentCache corgi:https://registry.npmjs.org/esbuild set size:885757 disposed:false
350 http cache https://registry.npmjs.org/esbuild/-/esbuild-0.21.5.tgz 233ms (cache hit)
351 http cache https://registry.npmjs.org/vite/-/vite-5.4.21.tgz 358ms (cache hit)
352 http fetch POST 200 https://registry.npmjs.org/-/npm/v1/security/advisories/bulk 1306ms
353 silly audit report {
353 silly audit report   esbuild: [
353 silly audit report     {
353 silly audit report       id: 1102341,
353 silly audit report       url: 'https://github.com/advisories/GHSA-67mh-4wv8-2f99',
353 silly audit report       title: 'esbuild enables any website to send any requests to the development server and read the response',
353 silly audit report       severity: 'moderate',
353 silly audit report       vulnerable_versions: '<=0.24.2',
353 silly audit report       cwe: [Array],
353 silly audit report       cvss: [Object]
353 silly audit report     }
353 silly audit report   ],
353 silly audit report   vite: [
353 silly audit report     {
353 silly audit report       id: 1116229,
353 silly audit report       url: 'https://github.com/advisories/GHSA-4w7w-66w2-5vf9',
353 silly audit report       title: 'Vite Vulnerable to Path Traversal in Optimized Deps `.map` Handling',
353 silly audit report       severity: 'moderate',
353 silly audit report       vulnerable_versions: '<=6.4.1',
353 silly audit report       cwe: [Array],
353 silly audit report       cvss: [Object]
353 silly audit report     }
353 silly audit report   ]
353 silly audit report }
354 silly packumentCache corgi:https://registry.npmjs.org/esbuild cache-hit
355 silly packumentCache corgi:https://registry.npmjs.org/vite cache-miss
356 http cache https://registry.npmjs.org/vite 296ms (cache hit)
357 silly packumentCache corgi:https://registry.npmjs.org/vite set size:2234939 disposed:false
358 silly packumentCache corgi:https://registry.npmjs.org/@vitejs%2fplugin-react cache-miss
359 http fetch GET 200 https://registry.npmjs.org/cssesc 2216ms (cache miss)
360 silly packumentCache corgi:https://registry.npmjs.org/cssesc set size:undefined disposed:false
361 http fetch GET 200 https://registry.npmjs.org/update-browserslist-db 2286ms (cache miss)
362 silly packumentCache corgi:https://registry.npmjs.org/update-browserslist-db set size:undefined disposed:false
363 http fetch GET 200 https://registry.npmjs.org/json5 2282ms (cache miss)
364 silly packumentCache corgi:https://registry.npmjs.org/json5 set size:undefined disposed:false
365 http cache https://registry.npmjs.org/@vitejs%2fplugin-react 342ms (cache hit)
366 silly packumentCache corgi:https://registry.npmjs.org/@vitejs%2fplugin-react set size:112470 disposed:false
367 http fetch GET 200 https://registry.npmjs.org/semver 2898ms (cache miss)
368 silly packumentCache corgi:https://registry.npmjs.org/semver set size:undefined disposed:false
369 http cache https://registry.npmjs.org/cssesc/-/cssesc-3.0.0.tgz 908ms (cache hit)
370 http cache https://registry.npmjs.org/update-browserslist-db/-/update-browserslist-db-1.2.3.tgz 1027ms (cache hit)
371 http cache https://registry.npmjs.org/json5/-/json5-2.2.3.tgz 1120ms (cache hit)
372 http fetch GET 200 https://registry.npmjs.org/jsesc 3435ms (cache miss)
373 silly packumentCache corgi:https://registry.npmjs.org/jsesc set size:undefined disposed:false
374 http fetch GET 200 https://registry.npmjs.org/resolve 3526ms (cache miss)
375 silly packumentCache corgi:https://registry.npmjs.org/resolve set size:undefined disposed:false
376 http fetch GET 200 https://registry.npmjs.org/loose-envify 3534ms (cache miss)
377 silly packumentCache corgi:https://registry.npmjs.org/loose-envify set size:undefined disposed:false
378 http fetch GET 200 https://registry.npmjs.org/jiti 3539ms (cache miss)
379 silly packumentCache corgi:https://registry.npmjs.org/jiti set size:undefined disposed:false
380 http cache https://registry.npmjs.org/semver/-/semver-6.3.1.tgz 767ms (cache hit)
381 http fetch GET 200 https://registry.npmjs.org/nanoid 3671ms (cache miss)
382 silly packumentCache corgi:https://registry.npmjs.org/nanoid set size:undefined disposed:false
383 http fetch GET 200 https://registry.npmjs.org/baseline-browser-mapping 3693ms (cache miss)
384 silly packumentCache corgi:https://registry.npmjs.org/baseline-browser-mapping set size:undefined disposed:false
385 http fetch GET 200 https://registry.npmjs.org/@babel%2fparser 3792ms (cache miss)
386 silly packumentCache corgi:https://registry.npmjs.org/@babel%2fparser set size:undefined disposed:false
387 http cache https://registry.npmjs.org/jsesc/-/jsesc-3.1.0.tgz 427ms (cache hit)
388 http fetch GET 200 https://registry.npmjs.org/autoprefixer 3863ms (cache miss)
389 silly packumentCache corgi:https://registry.npmjs.org/autoprefixer set size:undefined disposed:false
390 http cache https://registry.npmjs.org/resolve/-/resolve-1.22.12.tgz 506ms (cache hit)
391 http cache https://registry.npmjs.org/loose-envify/-/loose-envify-1.4.0.tgz 529ms (cache hit)
392 http cache https://registry.npmjs.org/jiti/-/jiti-1.21.7.tgz 533ms (cache hit)
393 http cache https://registry.npmjs.org/nanoid/-/nanoid-3.3.12.tgz 574ms (cache hit)
394 http cache https://registry.npmjs.org/baseline-browser-mapping/-/baseline-browser-mapping-2.10.27.tgz 567ms (cache hit)
395 http fetch GET 200 https://registry.npmjs.org/browserslist 4359ms (cache miss)
396 silly packumentCache corgi:https://registry.npmjs.org/browserslist set size:undefined disposed:false
397 http cache https://registry.npmjs.org/autoprefixer/-/autoprefixer-10.5.0.tgz 567ms (cache hit)
398 http fetch GET 200 https://registry.npmjs.org/@babel/parser/-/parser-7.29.3.tgz 808ms (cache revalidated)
399 http cache https://registry.npmjs.org/browserslist/-/browserslist-4.28.2.tgz 311ms (cache hit)
400 http fetch GET 200 https://registry.npmjs.org/rollup 5733ms (cache miss)
401 silly packumentCache corgi:https://registry.npmjs.org/rollup set size:undefined disposed:false
402 http cache https://registry.npmjs.org/rollup/-/rollup-4.60.2.tgz 310ms (cache hit)
403 http fetch GET 200 https://registry.npmjs.org/@babel/core/-/core-7.29.0.tgz 11770ms (cache miss)
404 http fetch GET 200 https://registry.npmjs.org/@babel/types/-/types-7.29.0.tgz 14363ms (cache miss)
405 http fetch GET 200 https://registry.npmjs.org/sucrase/-/sucrase-3.35.1.tgz 15419ms (cache miss)
406 http fetch GET 200 https://registry.npmjs.org/@babel/helpers/-/helpers-7.29.2.tgz 16561ms (cache miss)
407 http fetch GET 200 https://registry.npmjs.org/tailwindcss/-/tailwindcss-3.4.19.tgz 17297ms (cache miss)
408 http fetch GET 200 https://registry.npmjs.org/caniuse-lite/-/caniuse-lite-1.0.30001791.tgz 29439ms (cache miss)
409 http fetch GET 200 https://registry.npmjs.org/caniuse-lite/-/caniuse-lite-1.0.30001791.tgz 30080ms (cache miss)
410 http fetch GET 200 https://registry.npmjs.org/lucide-react/-/lucide-react-0.468.0.tgz 80528ms (cache miss)
411 info run esbuild@0.21.5 postinstall node_modules/esbuild node install.js
412 info run esbuild@0.21.5 postinstall { code: 'EPERM', signal: undefined }
413 verbose stack Error: spawn EPERM
413 verbose stack     at ChildProcess.spawn (node:internal/child_process:421:11)
413 verbose stack     at spawn (node:child_process:796:9)
413 verbose stack     at promiseSpawn (F:\node_modules\npm\node_modules\@npmcli\promise-spawn\lib\index.js:39:16)
413 verbose stack     at spawnWithShell (F:\node_modules\npm\node_modules\@npmcli\promise-spawn\lib\index.js:124:10)
413 verbose stack     at promiseSpawn (F:\node_modules\npm\node_modules\@npmcli\promise-spawn\lib\index.js:12:12)
413 verbose stack     at runScriptPkg (F:\node_modules\npm\node_modules\@npmcli\run-script\lib\run-script-pkg.js:79:13)
413 verbose stack     at runScript (F:\node_modules\npm\node_modules\@npmcli\run-script\lib\run-script.js:9:12)
413 verbose stack     at F:\node_modules\npm\node_modules\@npmcli\arborist\lib\arborist\rebuild.js:327:17
413 verbose stack     at run (F:\node_modules\npm\node_modules\promise-call-limit\dist\commonjs\index.js:67:22)
413 verbose stack     at F:\node_modules\npm\node_modules\promise-call-limit\dist\commonjs\index.js:84:9
414 error code EPERM
415 error syscall spawn
416 error errno -4048
417 error Error: spawn EPERM
417 error     at ChildProcess.spawn (node:internal/child_process:421:11)
417 error     at spawn (node:child_process:796:9)
417 error     at promiseSpawn (F:\node_modules\npm\node_modules\@npmcli\promise-spawn\lib\index.js:39:16)
417 error     at spawnWithShell (F:\node_modules\npm\node_modules\@npmcli\promise-spawn\lib\index.js:124:10)
417 error     at promiseSpawn (F:\node_modules\npm\node_modules\@npmcli\promise-spawn\lib\index.js:12:12)
417 error     at runScriptPkg (F:\node_modules\npm\node_modules\@npmcli\run-script\lib\run-script-pkg.js:79:13)
417 error     at runScript (F:\node_modules\npm\node_modules\@npmcli\run-script\lib\run-script.js:9:12)
417 error     at F:\node_modules\npm\node_modules\@npmcli\arborist\lib\arborist\rebuild.js:327:17
417 error     at run (F:\node_modules\npm\node_modules\promise-call-limit\dist\commonjs\index.js:67:22)
417 error     at F:\node_modules\npm\node_modules\promise-call-limit\dist\commonjs\index.js:84:9 {
417 error   errno: -4048,
417 error   code: 'EPERM',
417 error   syscall: 'spawn'
417 error }
418 error
418 error The operation was rejected by your operating system.
418 error It's possible that the file was already in use (by a text editor or antivirus),
418 error or that you lack permissions to access it.
418 error
418 error If you believe this might be a permissions issue, please double-check the
418 error permissions of the file and its containing directories, or try running
418 error the command again as root/Administrator.
419 silly unfinished npm timer reify 1777881764843
420 silly unfinished npm timer reify:build 1777881849817
421 silly unfinished npm timer build 1777881849818
422 silly unfinished npm timer build:deps 1777881849818
423 silly unfinished npm timer build:run:postinstall 1777881849988
424 silly unfinished npm timer build:run:postinstall:node_modules/esbuild 1777881849989
425 verbose cwd C:\Users\user\Desktop\hoji_falsafiy
426 verbose os Windows_NT 10.0.19045
427 verbose node v24.14.0
428 verbose npm  v11.9.0
429 verbose exit -4048
430 verbose code -4048
431 error A complete log of this run can be found in: C:\Users\user\Desktop\hoji_falsafiy\.npm-cache\_logs\2026-05-04T08_02_42_516Z-debug-0.log
